
Running 24 tests using 1 worker

[1A[2K[1/24] [extension] › tests\popup-ui.spec.js:8:3 › Popup — Layout › renders header with logo
[1A[2K[2/24] [extension] › tests\popup-ui.spec.js:12:3 › Popup — Layout › renders input textarea and translate button
[1A[2K[3/24] [extension] › tests\popup-ui.spec.js:17:3 › Popup — Layout › result area and loading are hidden by default
[1A[2K[4/24] [extension] › tests\popup-ui.spec.js:24:3 › Popup — Settings Panel › settings panel opens and closes on toggle
[1A[2K[5/24] [extension] › tests\popup-ui.spec.js:34:3 › Popup — Settings Panel › no save button or status indicator (silent auto-save)
[1A[2K[6/24] [extension] › tests\popup-ui.spec.js:42:3 › Popup — Mode Tabs › hover mode is active by default, can switch to manual
[1A[2K[7/24] [extension] › tests\popup-ui.spec.js:55:3 › Popup — Hover Key Settings › default keys are Ctrl (word) and Alt (sentence)
[1A[2K[8/24] [extension] › tests\popup-ui.spec.js:61:3 › Popup — Hover Key Settings › changing word key auto-swaps sentence key to avoid conflict
[1A[2K[9/24] [extension] › tests\popup-ui.spec.js:70:3 › Popup — Manual Key Settings › default manual key is Ctrl, can change
[1A[2K[10/24] [extension] › tests\popup-ui.spec.js:78:3 › Popup — Manual Key Settings › manual key has 4 options
[1A[2K[11/24] [extension] › tests\popup-ui.spec.js:86:3 › Popup — Hint Text › hint shows hover mode text by default
[1A[2K[12/24] [extension] › tests\popup-ui.spec.js:90:3 › Popup — Hint Text › changing mode updates hint text
[1A[2K[13/24] [extension] › tests\popup-ui.spec.js:98:3 › Popup — Language Settings › defaults to Auto Detect → Chinese (Simplified)
[1A[2K[14/24] [extension] › tests\popup-ui.spec.js:104:3 › Popup — Language Settings › source dropdown has 31 options, target has 30
[1A[2K[15/24] [extension] › tests\popup-ui.spec.js:110:3 › Popup — Language Settings › Auto Detect is first in source but not in target
[1A[2K[16/24] [extension] › tests\popup-ui.spec.js:116:3 › Popup — Language Settings › can change source and target languages
[1A[2K[17/24] [extension] › tests\popup-ui.spec.js:124:3 › Popup — Language Settings › swap button swaps source and target
[1A[2K[18/24] [extension] › tests\popup-ui.spec.js:134:3 › Popup — Language Settings › double swap restores original
[1A[2K[19/24] [extension] › tests\popup-ui.spec.js:143:3 › Popup — Language Settings › swap with auto source sets source to current target
[1A[2K[20/24] [extension] › tests\popup-ui.spec.js:154:3 › Popup — Settings Persistence › settings persist after reopening popup
[1A[2K[21/24] [extension] › tests\popup-ui.spec.js:180:3 › Popup — Translation Flow › empty input does not trigger translation
[1A[2K[22/24] [extension] › tests\popup-ui.spec.js:185:3 › Popup — Translation Flow › English word shows result
[1A[2K[23/24] [extension] › tests\popup-ui.spec.js:192:3 › Popup — Translation Flow › Chinese sentence shows result
[1A[2K[24/24] [extension] › tests\popup-ui.spec.js:198:3 › Popup — Translation Flow › Ctrl+Enter triggers translation
[1A[2K  24 passed (51.6s)
